python : [2026-02-19 
13:21:54,290] ERROR 
in app: Exception on 
/plates/export_surf 
[POST]
At line:1 char:1
+ python test_plate_de
signer.py > 
test_output.txt 2>&1
+ ~~~~~~~~~~~~~~~~~~~~
~~~~~~~~~~~~~~~~~~~~~~
~~~~~~~~~~
    + CategoryInfo    
          : NotSpeci  
  fied: ([2026-02-1   
 9 13:...ort_surf     
[POST]:String) []    
, RemoteException
    + FullyQualifiedE 
   rrorId : NativeCo  
  mmandError
 
Traceback (most 
recent call last):
  File "C:\Users\VILLA
LAO\AppData\Local\Pack
ages\PythonSoftwareFou
ndation.Python.3.10_qb
z5n2kfra8p0\LocalCache
\local-packages\Python
310\site-packages\sqla
lchemy\engine\base.py"
, line 146, in 
__init__
    self._dbapi_connec
tion = engine.raw_conn
ection()
  File "C:\Users\VILLA
LAO\AppData\Local\Pack
ages\PythonSoftwareFou
ndation.Python.3.10_qb
z5n2kfra8p0\LocalCache
\local-packages\Python
310\site-packages\sqla
lchemy\engine\base.py"
, line 3300, in 
raw_connection
    return 
self.pool.connect()
  File "C:\Users\VILLA
LAO\AppData\Local\Pack
ages\PythonSoftwareFou
ndation.Python.3.10_qb
z5n2kfra8p0\LocalCache
\local-packages\Python
310\site-packages\sqla
lchemy\pool\base.py", 
line 449, in connect
    return _Connection
Fairy._checkout(self)
  File "C:\Users\VILLA
LAO\AppData\Local\Pack
ages\PythonSoftwareFou
ndation.Python.3.10_qb
z5n2kfra8p0\LocalCache
\local-packages\Python
310\site-packages\sqla
lchemy\pool\base.py", 
line 1263, in 
_checkout
    fairy = _Connectio
nRecord.checkout(pool)
  File "C:\Users\VILLA
LAO\AppData\Local\Pack
ages\PythonSoftwareFou
ndation.Python.3.10_qb
z5n2kfra8p0\LocalCache
\local-packages\Python
310\site-packages\sqla
lchemy\pool\base.py", 
line 712, in checkout
    rec = 
pool._do_get()
  File "C:\Users\VILLA
LAO\AppData\Local\Pack
ages\PythonSoftwareFou
ndation.Python.3.10_qb
z5n2kfra8p0\LocalCache
\local-packages\Python
310\site-packages\sqla
lchemy\pool\impl.py", 
line 179, in _do_get
    with 
util.safe_reraise():
  File "C:\Users\VILLA
LAO\AppData\Local\Pack
ages\PythonSoftwareFou
ndation.Python.3.10_qb
z5n2kfra8p0\LocalCache
\local-packages\Python
310\site-packages\sqla
lchemy\util\langhelper
s.py", line 146, in 
__exit__
    raise exc_value.wi
th_traceback(exc_tb)
  File "C:\Users\VILLA
LAO\AppData\Local\Pack
ages\PythonSoftwareFou
ndation.Python.3.10_qb
z5n2kfra8p0\LocalCache
\local-packages\Python
310\site-packages\sqla
lchemy\pool\impl.py", 
line 177, in _do_get
    return self._creat
e_connection()
  File "C:\Users\VILLA
LAO\AppData\Local\Pack
ages\PythonSoftwareFou
ndation.Python.3.10_qb
z5n2kfra8p0\LocalCache
\local-packages\Python
310\site-packages\sqla
lchemy\pool\base.py", 
line 390, in 
_create_connection
    return _Connection
Record(self)
  File "C:\Users\VILLA
LAO\AppData\Local\Pack
ages\PythonSoftwareFou
ndation.Python.3.10_qb
z5n2kfra8p0\LocalCache
\local-packages\Python
310\site-packages\sqla
lchemy\pool\base.py", 
line 674, in __init__
    self.__connect()
  File "C:\Users\VILLA
LAO\AppData\Local\Pack
ages\PythonSoftwareFou
ndation.Python.3.10_qb
z5n2kfra8p0\LocalCache
\local-packages\Python
310\site-packages\sqla
lchemy\pool\base.py", 
line 900, in __connect
    with 
util.safe_reraise():
  File "C:\Users\VILLA
LAO\AppData\Local\Pack
ages\PythonSoftwareFou
ndation.Python.3.10_qb
z5n2kfra8p0\LocalCache
\local-packages\Python
310\site-packages\sqla
lchemy\util\langhelper
s.py", line 146, in 
__exit__
    raise exc_value.wi
th_traceback(exc_tb)
  File "C:\Users\VILLA
LAO\AppData\Local\Pack
ages\PythonSoftwareFou
ndation.Python.3.10_qb
z5n2kfra8p0\LocalCache
\local-packages\Python
310\site-packages\sqla
lchemy\pool\base.py", 
line 896, in __connect
    
self.dbapi_connection 
= connection = pool._i
nvoke_creator(self)
  File "C:\Users\VILLA
LAO\AppData\Local\Pack
ages\PythonSoftwareFou
ndation.Python.3.10_qb
z5n2kfra8p0\LocalCache
\local-packages\Python
310\site-packages\sqla
lchemy\engine\create.p
y", line 643, in 
connect
    return dialect.con
nect(*cargs, 
**cparams)
  File "C:\Users\VILLA
LAO\AppData\Local\Pack
ages\PythonSoftwareFou
ndation.Python.3.10_qb
z5n2kfra8p0\LocalCache
\local-packages\Python
310\site-packages\sqla
lchemy\engine\default.
py", line 620, in 
connect
    return self.loaded
_dbapi.connect(*cargs,
 **cparams)
  File "C:\Users\VILLA
LAO\AppData\Local\Pack
ages\PythonSoftwareFou
ndation.Python.3.10_qb
z5n2kfra8p0\LocalCache
\local-packages\Python
310\site-packages\psyc
opg2\__init__.py", 
line 122, in connect
    conn = 
_connect(dsn, connecti
on_factory=connection_
factory, **kwasync)
psycopg2.OperationalEr
ror: connection to 
server at "localhost" 
(::1), port 5432 
failed: Connection 
refused 
(0x0000274D/10061)
	Is the server 
running on that host 
and accepting TCP/IP 
connections?
connection to server 
at "localhost" 
(127.0.0.1), port 
5432 failed: 
Connection refused 
(0x0000274D/10061)
	Is the server 
running on that host 
and accepting TCP/IP 
connections?


The above exception 
was the direct cause 
of the following 
exception:

Traceback (most 
recent call last):
  File "C:\Users\VILLA
LAO\AppData\Local\Pack
ages\PythonSoftwareFou
ndation.Python.3.10_qb
z5n2kfra8p0\LocalCache
\local-packages\Python
310\site-packages\flas
k\app.py", line 1473, 
in wsgi_app
    response = self.fu
ll_dispatch_request()
  File "C:\Users\VILLA
LAO\AppData\Local\Pack
ages\PythonSoftwareFou
ndation.Python.3.10_qb
z5n2kfra8p0\LocalCache
\local-packages\Python
310\site-packages\flas
k\app.py", line 882, 
in 
full_dispatch_request
    rv = self.handle_u
ser_exception(e)
  File "C:\Users\VILLA
LAO\AppData\Local\Pack
ages\PythonSoftwareFou
ndation.Python.3.10_qb
z5n2kfra8p0\LocalCache
\local-packages\Python
310\site-packages\flas
k\app.py", line 878, 
in 
full_dispatch_request
    rv = self.preproce
ss_request()
  File "C:\Users\VILLA
LAO\AppData\Local\Pack
ages\PythonSoftwareFou
ndation.Python.3.10_qb
z5n2kfra8p0\LocalCache
\local-packages\Python
310\site-packages\flas
k\app.py", line 1253, 
in preprocess_request
    rv = self.ensure_s
ync(before_func)()
  File "C:\Users\VILLA
LAO\Desktop\Programs\D
olphin Platform V2\dol
phin_platform\app.py",
 line 210, in _ensure
    ensure_schema()
  File "C:\Users\VILLA
LAO\Desktop\Programs\D
olphin Platform V2\dol
phin_platform\app.py",
 line 44, in 
ensure_schema
    Base.metadata.crea
te_all(engine)
  File "C:\Users\VILLA
LAO\AppData\Local\Pack
ages\PythonSoftwareFou
ndation.Python.3.10_qb
z5n2kfra8p0\LocalCache
\local-packages\Python
310\site-packages\sqla
lchemy\sql\schema.py",
 line 5857, in 
create_all
    
bind._run_ddl_visitor(
  File "C:\Users\VILLA
LAO\AppData\Local\Pack
ages\PythonSoftwareFou
ndation.Python.3.10_qb
z5n2kfra8p0\LocalCache
\local-packages\Python
310\site-packages\sqla
lchemy\engine\base.py"
, line 3250, in 
_run_ddl_visitor
    with self.begin() 
as conn:
  File "C:\Program Fil
es\WindowsApps\PythonS
oftwareFoundation.Pyth
on.3.10_3.10.3056.0_x6
4__qbz5n2kfra8p0\lib\c
ontextlib.py", line 
135, in __enter__
    return 
next(self.gen)
  File "C:\Users\VILLA
LAO\AppData\Local\Pack
ages\PythonSoftwareFou
ndation.Python.3.10_qb
z5n2kfra8p0\LocalCache
\local-packages\Python
310\site-packages\sqla
lchemy\engine\base.py"
, line 3240, in begin
    with 
self.connect() as 
conn:
  File "C:\Users\VILLA
LAO\AppData\Local\Pack
ages\PythonSoftwareFou
ndation.Python.3.10_qb
z5n2kfra8p0\LocalCache
\local-packages\Python
310\site-packages\sqla
lchemy\engine\base.py"
, line 3276, in 
connect
    return self._conne
ction_cls(self)
  File "C:\Users\VILLA
LAO\AppData\Local\Pack
ages\PythonSoftwareFou
ndation.Python.3.10_qb
z5n2kfra8p0\LocalCache
\local-packages\Python
310\site-packages\sqla
lchemy\engine\base.py"
, line 148, in 
__init__
    Connection._handle
_dbapi_exception_nocon
nection(
  File "C:\Users\VILLA
LAO\AppData\Local\Pack
ages\PythonSoftwareFou
ndation.Python.3.10_qb
z5n2kfra8p0\LocalCache
\local-packages\Python
310\site-packages\sqla
lchemy\engine\base.py"
, line 2440, in _handl
e_dbapi_exception_noco
nnection
    raise sqlalchemy_e
xception.with_tracebac
k(exc_info[2]) from e
  File "C:\Users\VILLA
LAO\AppData\Local\Pack
ages\PythonSoftwareFou
ndation.Python.3.10_qb
z5n2kfra8p0\LocalCache
\local-packages\Python
310\site-packages\sqla
lchemy\engine\base.py"
, line 146, in 
__init__
    self._dbapi_connec
tion = engine.raw_conn
ection()
  File "C:\Users\VILLA
LAO\AppData\Local\Pack
ages\PythonSoftwareFou
ndation.Python.3.10_qb
z5n2kfra8p0\LocalCache
\local-packages\Python
310\site-packages\sqla
lchemy\engine\base.py"
, line 3300, in 
raw_connection
    return 
self.pool.connect()
  File "C:\Users\VILLA
LAO\AppData\Local\Pack
ages\PythonSoftwareFou
ndation.Python.3.10_qb
z5n2kfra8p0\LocalCache
\local-packages\Python
310\site-packages\sqla
lchemy\pool\base.py", 
line 449, in connect
    return _Connection
Fairy._checkout(self)
  File "C:\Users\VILLA
LAO\AppData\Local\Pack
ages\PythonSoftwareFou
ndation.Python.3.10_qb
z5n2kfra8p0\LocalCache
\local-packages\Python
310\site-packages\sqla
lchemy\pool\base.py", 
line 1263, in 
_checkout
    fairy = _Connectio
nRecord.checkout(pool)
  File "C:\Users\VILLA
LAO\AppData\Local\Pack
ages\PythonSoftwareFou
ndation.Python.3.10_qb
z5n2kfra8p0\LocalCache
\local-packages\Python
310\site-packages\sqla
lchemy\pool\base.py", 
line 712, in checkout
    rec = 
pool._do_get()
  File "C:\Users\VILLA
LAO\AppData\Local\Pack
ages\PythonSoftwareFou
ndation.Python.3.10_qb
z5n2kfra8p0\LocalCache
\local-packages\Python
310\site-packages\sqla
lchemy\pool\impl.py", 
line 179, in _do_get
    with 
util.safe_reraise():
  File "C:\Users\VILLA
LAO\AppData\Local\Pack
ages\PythonSoftwareFou
ndation.Python.3.10_qb
z5n2kfra8p0\LocalCache
\local-packages\Python
310\site-packages\sqla
lchemy\util\langhelper
s.py", line 146, in 
__exit__
    raise exc_value.wi
th_traceback(exc_tb)
  File "C:\Users\VILLA
LAO\AppData\Local\Pack
ages\PythonSoftwareFou
ndation.Python.3.10_qb
z5n2kfra8p0\LocalCache
\local-packages\Python
310\site-packages\sqla
lchemy\pool\impl.py", 
line 177, in _do_get
    return self._creat
e_connection()
  File "C:\Users\VILLA
LAO\AppData\Local\Pack
ages\PythonSoftwareFou
ndation.Python.3.10_qb
z5n2kfra8p0\LocalCache
\local-packages\Python
310\site-packages\sqla
lchemy\pool\base.py", 
line 390, in 
_create_connection
    return _Connection
Record(self)
  File "C:\Users\VILLA
LAO\AppData\Local\Pack
ages\PythonSoftwareFou
ndation.Python.3.10_qb
z5n2kfra8p0\LocalCache
\local-packages\Python
310\site-packages\sqla
lchemy\pool\base.py", 
line 674, in __init__
    self.__connect()
  File "C:\Users\VILLA
LAO\AppData\Local\Pack
ages\PythonSoftwareFou
ndation.Python.3.10_qb
z5n2kfra8p0\LocalCache
\local-packages\Python
310\site-packages\sqla
lchemy\pool\base.py", 
line 900, in __connect
    with 
util.safe_reraise():
  File "C:\Users\VILLA
LAO\AppData\Local\Pack
ages\PythonSoftwareFou
ndation.Python.3.10_qb
z5n2kfra8p0\LocalCache
\local-packages\Python
310\site-packages\sqla
lchemy\util\langhelper
s.py", line 146, in 
__exit__
    raise exc_value.wi
th_traceback(exc_tb)
  File "C:\Users\VILLA
LAO\AppData\Local\Pack
ages\PythonSoftwareFou
ndation.Python.3.10_qb
z5n2kfra8p0\LocalCache
\local-packages\Python
310\site-packages\sqla
lchemy\pool\base.py", 
line 896, in __connect
    
self.dbapi_connection 
= connection = pool._i
nvoke_creator(self)
  File "C:\Users\VILLA
LAO\AppData\Local\Pack
ages\PythonSoftwareFou
ndation.Python.3.10_qb
z5n2kfra8p0\LocalCache
\local-packages\Python
310\site-packages\sqla
lchemy\engine\create.p
y", line 643, in 
connect
    return dialect.con
nect(*cargs, 
**cparams)
  File "C:\Users\VILLA
LAO\AppData\Local\Pack
ages\PythonSoftwareFou
ndation.Python.3.10_qb
z5n2kfra8p0\LocalCache
\local-packages\Python
310\site-packages\sqla
lchemy\engine\default.
py", line 620, in 
connect
    return self.loaded
_dbapi.connect(*cargs,
 **cparams)
  File "C:\Users\VILLA
LAO\AppData\Local\Pack
ages\PythonSoftwareFou
ndation.Python.3.10_qb
z5n2kfra8p0\LocalCache
\local-packages\Python
310\site-packages\psyc
opg2\__init__.py", 
line 122, in connect
    conn = 
_connect(dsn, connecti
on_factory=connection_
factory, **kwasync)
sqlalchemy.exc.Operati
onalError: (psycopg2.O
perationalError) 
connection to server 
at "localhost" (::1), 
port 5432 failed: 
Connection refused 
(0x0000274D/10061)
	Is the server 
running on that host 
and accepting TCP/IP 
connections?
connection to server 
at "localhost" 
(127.0.0.1), port 
5432 failed: 
Connection refused 
(0x0000274D/10061)
	Is the server 
running on that host 
and accepting TCP/IP 
connections?

(Background on this 
error at: https://sqla
lche.me/e/20/e3q8)
F[2026-02-19 
13:21:58,391] ERROR 
in app: Exception on 
/api/plates [POST]
Traceback (most 
recent call last):
  File "C:\Users\VILLA
LAO\AppData\Local\Pack
ages\PythonSoftwareFou
ndation.Python.3.10_qb
z5n2kfra8p0\LocalCache
\local-packages\Python
310\site-packages\sqla
lchemy\engine\base.py"
, line 146, in 
__init__
    self._dbapi_connec
tion = engine.raw_conn
ection()
  File "C:\Users\VILLA
LAO\AppData\Local\Pack
ages\PythonSoftwareFou
ndation.Python.3.10_qb
z5n2kfra8p0\LocalCache
\local-packages\Python
310\site-packages\sqla
lchemy\engine\base.py"
, line 3300, in 
raw_connection
    return 
self.pool.connect()
  File "C:\Users\VILLA
LAO\AppData\Local\Pack
ages\PythonSoftwareFou
ndation.Python.3.10_qb
z5n2kfra8p0\LocalCache
\local-packages\Python
310\site-packages\sqla
lchemy\pool\base.py", 
line 449, in connect
    return _Connection
Fairy._checkout(self)
  File "C:\Users\VILLA
LAO\AppData\Local\Pack
ages\PythonSoftwareFou
ndation.Python.3.10_qb
z5n2kfra8p0\LocalCache
\local-packages\Python
310\site-packages\sqla
lchemy\pool\base.py", 
line 1263, in 
_checkout
    fairy = _Connectio
nRecord.checkout(pool)
  File "C:\Users\VILLA
LAO\AppData\Local\Pack
ages\PythonSoftwareFou
ndation.Python.3.10_qb
z5n2kfra8p0\LocalCache
\local-packages\Python
310\site-packages\sqla
lchemy\pool\base.py", 
line 712, in checkout
    rec = 
pool._do_get()
  File "C:\Users\VILLA
LAO\AppData\Local\Pack
ages\PythonSoftwareFou
ndation.Python.3.10_qb
z5n2kfra8p0\LocalCache
\local-packages\Python
310\site-packages\sqla
lchemy\pool\impl.py", 
line 179, in _do_get
    with 
util.safe_reraise():
  File "C:\Users\VILLA
LAO\AppData\Local\Pack
ages\PythonSoftwareFou
ndation.Python.3.10_qb
z5n2kfra8p0\LocalCache
\local-packages\Python
310\site-packages\sqla
lchemy\util\langhelper
s.py", line 146, in 
__exit__
    raise exc_value.wi
th_traceback(exc_tb)
  File "C:\Users\VILLA
LAO\AppData\Local\Pack
ages\PythonSoftwareFou
ndation.Python.3.10_qb
z5n2kfra8p0\LocalCache
\local-packages\Python
310\site-packages\sqla
lchemy\pool\impl.py", 
line 177, in _do_get
    return self._creat
e_connection()
  File "C:\Users\VILLA
LAO\AppData\Local\Pack
ages\PythonSoftwareFou
ndation.Python.3.10_qb
z5n2kfra8p0\LocalCache
\local-packages\Python
310\site-packages\sqla
lchemy\pool\base.py", 
line 390, in 
_create_connection
    return _Connection
Record(self)
  File "C:\Users\VILLA
LAO\AppData\Local\Pack
ages\PythonSoftwareFou
ndation.Python.3.10_qb
z5n2kfra8p0\LocalCache
\local-packages\Python
310\site-packages\sqla
lchemy\pool\base.py", 
line 674, in __init__
    self.__connect()
  File "C:\Users\VILLA
LAO\AppData\Local\Pack
ages\PythonSoftwareFou
ndation.Python.3.10_qb
z5n2kfra8p0\LocalCache
\local-packages\Python
310\site-packages\sqla
lchemy\pool\base.py", 
line 900, in __connect
    with 
util.safe_reraise():
  File "C:\Users\VILLA
LAO\AppData\Local\Pack
ages\PythonSoftwareFou
ndation.Python.3.10_qb
z5n2kfra8p0\LocalCache
\local-packages\Python
310\site-packages\sqla
lchemy\util\langhelper
s.py", line 146, in 
__exit__
    raise exc_value.wi
th_traceback(exc_tb)
  File "C:\Users\VILLA
LAO\AppData\Local\Pack
ages\PythonSoftwareFou
ndation.Python.3.10_qb
z5n2kfra8p0\LocalCache
\local-packages\Python
310\site-packages\sqla
lchemy\pool\base.py", 
line 896, in __connect
    
self.dbapi_connection 
= connection = pool._i
nvoke_creator(self)
  File "C:\Users\VILLA
LAO\AppData\Local\Pack
ages\PythonSoftwareFou
ndation.Python.3.10_qb
z5n2kfra8p0\LocalCache
\local-packages\Python
310\site-packages\sqla
lchemy\engine\create.p
y", line 643, in 
connect
    return dialect.con
nect(*cargs, 
**cparams)
  File "C:\Users\VILLA
LAO\AppData\Local\Pack
ages\PythonSoftwareFou
ndation.Python.3.10_qb
z5n2kfra8p0\LocalCache
\local-packages\Python
310\site-packages\sqla
lchemy\engine\default.
py", line 620, in 
connect
    return self.loaded
_dbapi.connect(*cargs,
 **cparams)
  File "C:\Users\VILLA
LAO\AppData\Local\Pack
ages\PythonSoftwareFou
ndation.Python.3.10_qb
z5n2kfra8p0\LocalCache
\local-packages\Python
310\site-packages\psyc
opg2\__init__.py", 
line 122, in connect
    conn = 
_connect(dsn, connecti
on_factory=connection_
factory, **kwasync)
psycopg2.OperationalEr
ror: connection to 
server at "localhost" 
(::1), port 5432 
failed: Connection 
refused 
(0x0000274D/10061)
	Is the server 
running on that host 
and accepting TCP/IP 
connections?
connection to server 
at "localhost" 
(127.0.0.1), port 
5432 failed: 
Connection refused 
(0x0000274D/10061)
	Is the server 
running on that host 
and accepting TCP/IP 
connections?


The above exception 
was the direct cause 
of the following 
exception:

Traceback (most 
recent call last):
  File "C:\Users\VILLA
LAO\AppData\Local\Pack
ages\PythonSoftwareFou
ndation.Python.3.10_qb
z5n2kfra8p0\LocalCache
\local-packages\Python
310\site-packages\flas
k\app.py", line 1473, 
in wsgi_app
    response = self.fu
ll_dispatch_request()
  File "C:\Users\VILLA
LAO\AppData\Local\Pack
ages\PythonSoftwareFou
ndation.Python.3.10_qb
z5n2kfra8p0\LocalCache
\local-packages\Python
310\site-packages\flas
k\app.py", line 882, 
in 
full_dispatch_request
    rv = self.handle_u
ser_exception(e)
  File "C:\Users\VILLA
LAO\AppData\Local\Pack
ages\PythonSoftwareFou
ndation.Python.3.10_qb
z5n2kfra8p0\LocalCache
\local-packages\Python
310\site-packages\flas
k\app.py", line 878, 
in 
full_dispatch_request
    rv = self.preproce
ss_request()
  File "C:\Users\VILLA
LAO\AppData\Local\Pack
ages\PythonSoftwareFou
ndation.Python.3.10_qb
z5n2kfra8p0\LocalCache
\local-packages\Python
310\site-packages\flas
k\app.py", line 1253, 
in preprocess_request
    rv = self.ensure_s
ync(before_func)()
  File "C:\Users\VILLA
LAO\Desktop\Programs\D
olphin Platform V2\dol
phin_platform\app.py",
 line 210, in _ensure
    ensure_schema()
  File "C:\Users\VILLA
LAO\Desktop\Programs\D
olphin Platform V2\dol
phin_platform\app.py",
 line 44, in 
ensure_schema
    Base.metadata.crea
te_all(engine)
  File "C:\Users\VILLA
LAO\AppData\Local\Pack
ages\PythonSoftwareFou
ndation.Python.3.10_qb
z5n2kfra8p0\LocalCache
\local-packages\Python
310\site-packages\sqla
lchemy\sql\schema.py",
 line 5857, in 
create_all
    
bind._run_ddl_visitor(
  File "C:\Users\VILLA
LAO\AppData\Local\Pack
ages\PythonSoftwareFou
ndation.Python.3.10_qb
z5n2kfra8p0\LocalCache
\local-packages\Python
310\site-packages\sqla
lchemy\engine\base.py"
, line 3250, in 
_run_ddl_visitor
    with self.begin() 
as conn:
  File "C:\Program Fil
es\WindowsApps\PythonS
oftwareFoundation.Pyth
on.3.10_3.10.3056.0_x6
4__qbz5n2kfra8p0\lib\c
ontextlib.py", line 
135, in __enter__
    return 
next(self.gen)
  File "C:\Users\VILLA
LAO\AppData\Local\Pack
ages\PythonSoftwareFou
ndation.Python.3.10_qb
z5n2kfra8p0\LocalCache
\local-packages\Python
310\site-packages\sqla
lchemy\engine\base.py"
, line 3240, in begin
    with 
self.connect() as 
conn:
  File "C:\Users\VILLA
LAO\AppData\Local\Pack
ages\PythonSoftwareFou
ndation.Python.3.10_qb
z5n2kfra8p0\LocalCache
\local-packages\Python
310\site-packages\sqla
lchemy\engine\base.py"
, line 3276, in 
connect
    return self._conne
ction_cls(self)
  File "C:\Users\VILLA
LAO\AppData\Local\Pack
ages\PythonSoftwareFou
ndation.Python.3.10_qb
z5n2kfra8p0\LocalCache
\local-packages\Python
310\site-packages\sqla
lchemy\engine\base.py"
, line 148, in 
__init__
    Connection._handle
_dbapi_exception_nocon
nection(
  File "C:\Users\VILLA
LAO\AppData\Local\Pack
ages\PythonSoftwareFou
ndation.Python.3.10_qb
z5n2kfra8p0\LocalCache
\local-packages\Python
310\site-packages\sqla
lchemy\engine\base.py"
, line 2440, in _handl
e_dbapi_exception_noco
nnection
    raise sqlalchemy_e
xception.with_tracebac
k(exc_info[2]) from e
  File "C:\Users\VILLA
LAO\AppData\Local\Pack
ages\PythonSoftwareFou
ndation.Python.3.10_qb
z5n2kfra8p0\LocalCache
\local-packages\Python
310\site-packages\sqla
lchemy\engine\base.py"
, line 146, in 
__init__
    self._dbapi_connec
tion = engine.raw_conn
ection()
  File "C:\Users\VILLA
LAO\AppData\Local\Pack
ages\PythonSoftwareFou
ndation.Python.3.10_qb
z5n2kfra8p0\LocalCache
\local-packages\Python
310\site-packages\sqla
lchemy\engine\base.py"
, line 3300, in 
raw_connection
    return 
self.pool.connect()
  File "C:\Users\VILLA
LAO\AppData\Local\Pack
ages\PythonSoftwareFou
ndation.Python.3.10_qb
z5n2kfra8p0\LocalCache
\local-packages\Python
310\site-packages\sqla
lchemy\pool\base.py", 
line 449, in connect
    return _Connection
Fairy._checkout(self)
  File "C:\Users\VILLA
LAO\AppData\Local\Pack
ages\PythonSoftwareFou
ndation.Python.3.10_qb
z5n2kfra8p0\LocalCache
\local-packages\Python
310\site-packages\sqla
lchemy\pool\base.py", 
line 1263, in 
_checkout
    fairy = _Connectio
nRecord.checkout(pool)
  File "C:\Users\VILLA
LAO\AppData\Local\Pack
ages\PythonSoftwareFou
ndation.Python.3.10_qb
z5n2kfra8p0\LocalCache
\local-packages\Python
310\site-packages\sqla
lchemy\pool\base.py", 
line 712, in checkout
    rec = 
pool._do_get()
  File "C:\Users\VILLA
LAO\AppData\Local\Pack
ages\PythonSoftwareFou
ndation.Python.3.10_qb
z5n2kfra8p0\LocalCache
\local-packages\Python
310\site-packages\sqla
lchemy\pool\impl.py", 
line 179, in _do_get
    with 
util.safe_reraise():
  File "C:\Users\VILLA
LAO\AppData\Local\Pack
ages\PythonSoftwareFou
ndation.Python.3.10_qb
z5n2kfra8p0\LocalCache
\local-packages\Python
310\site-packages\sqla
lchemy\util\langhelper
s.py", line 146, in 
__exit__
    raise exc_value.wi
th_traceback(exc_tb)
  File "C:\Users\VILLA
LAO\AppData\Local\Pack
ages\PythonSoftwareFou
ndation.Python.3.10_qb
z5n2kfra8p0\LocalCache
\local-packages\Python
310\site-packages\sqla
lchemy\pool\impl.py", 
line 177, in _do_get
    return self._creat
e_connection()
  File "C:\Users\VILLA
LAO\AppData\Local\Pack
ages\PythonSoftwareFou
ndation.Python.3.10_qb
z5n2kfra8p0\LocalCache
\local-packages\Python
310\site-packages\sqla
lchemy\pool\base.py", 
line 390, in 
_create_connection
    return _Connection
Record(self)
  File "C:\Users\VILLA
LAO\AppData\Local\Pack
ages\PythonSoftwareFou
ndation.Python.3.10_qb
z5n2kfra8p0\LocalCache
\local-packages\Python
310\site-packages\sqla
lchemy\pool\base.py", 
line 674, in __init__
    self.__connect()
  File "C:\Users\VILLA
LAO\AppData\Local\Pack
ages\PythonSoftwareFou
ndation.Python.3.10_qb
z5n2kfra8p0\LocalCache
\local-packages\Python
310\site-packages\sqla
lchemy\pool\base.py", 
line 900, in __connect
    with 
util.safe_reraise():
  File "C:\Users\VILLA
LAO\AppData\Local\Pack
ages\PythonSoftwareFou
ndation.Python.3.10_qb
z5n2kfra8p0\LocalCache
\local-packages\Python
310\site-packages\sqla
lchemy\util\langhelper
s.py", line 146, in 
__exit__
    raise exc_value.wi
th_traceback(exc_tb)
  File "C:\Users\VILLA
LAO\AppData\Local\Pack
ages\PythonSoftwareFou
ndation.Python.3.10_qb
z5n2kfra8p0\LocalCache
\local-packages\Python
310\site-packages\sqla
lchemy\pool\base.py", 
line 896, in __connect
    
self.dbapi_connection 
= connection = pool._i
nvoke_creator(self)
  File "C:\Users\VILLA
LAO\AppData\Local\Pack
ages\PythonSoftwareFou
ndation.Python.3.10_qb
z5n2kfra8p0\LocalCache
\local-packages\Python
310\site-packages\sqla
lchemy\engine\create.p
y", line 643, in 
connect
    return dialect.con
nect(*cargs, 
**cparams)
  File "C:\Users\VILLA
LAO\AppData\Local\Pack
ages\PythonSoftwareFou
ndation.Python.3.10_qb
z5n2kfra8p0\LocalCache
\local-packages\Python
310\site-packages\sqla
lchemy\engine\default.
py", line 620, in 
connect
    return self.loaded
_dbapi.connect(*cargs,
 **cparams)
  File "C:\Users\VILLA
LAO\AppData\Local\Pack
ages\PythonSoftwareFou
ndation.Python.3.10_qb
z5n2kfra8p0\LocalCache
\local-packages\Python
310\site-packages\psyc
opg2\__init__.py", 
line 122, in connect
    conn = 
_connect(dsn, connecti
on_factory=connection_
factory, **kwasync)
sqlalchemy.exc.Operati
onalError: (psycopg2.O
perationalError) 
connection to server 
at "localhost" (::1), 
port 5432 failed: 
Connection refused 
(0x0000274D/10061)
	Is the server 
running on that host 
and accepting TCP/IP 
connections?
connection to server 
at "localhost" 
(127.0.0.1), port 
5432 failed: 
Connection refused 
(0x0000274D/10061)
	Is the server 
running on that host 
and accepting TCP/IP 
connections?

(Background on this 
error at: https://sqla
lche.me/e/20/e3q8)
F
======================
======================
======================
====
FAIL: 
test_export_surf (__ma
in__.TestPlateDesigner
)
----------------------
----------------------
----------------------
----
Traceback (most 
recent call last):
  File "C:\Users\VILLA
LAO\Desktop\Programs\D
olphin Platform V2\dol
phin_platform\test_pla
te_designer.py", line 
54, in 
test_export_surf
    self.assertEqual(r
esp.status_code, 200)
AssertionError: 500 
!= 200

======================
======================
======================
====
FAIL: test_save_and_lo
ad_plate (__main__.Tes
tPlateDesigner)
----------------------
----------------------
----------------------
----
Traceback (most 
recent call last):
  File "C:\Users\VILLA
LAO\Desktop\Programs\D
olphin Platform V2\dol
phin_platform\test_pla
te_designer.py", line 
32, in test_save_and_l
oad_plate
    self.assertEqual(r
esp.status_code, 200, 
f"Save failed: 
{resp.get_json()}")
AssertionError: 500 
!= 200 : Save failed: 
None

----------------------
----------------------
----------------------
----
Ran 2 tests in 8.197s

FAILED (failures=2)
DEBUG: Added C:\Users\VILLALAO\Desktop\Programs\Dolphin Platform V2 to sys.path. Contents: ['chem_converter', 'dolphin_platform', 'dolphin_platform 17-02-26.zip', 'dolphin_platform.zip', 'LCMS_Analysis_Tool', 'LC_MS_Record']
Warning: Could not import LCMS_Analysis_Tool modules: cannot import name 'mw_from_formula' from 'utils' (unknown location)
Warning: Could not import LCMS_Analysis_Tool modules.
